
> frontend@0.1.0 build
> next build

   ▲ Next.js 15.5.23
   - Environments: .env.local

   Creating an optimized production build ...
Browserslist: browsers data (caniuse-lite) is 15 months old. Please run:
  npx update-browserslist-db@latest
  Why you should do it regularly: https://github.com/browserslist/update-db#readme
 ✓ Compiled successfully in 36.2s
   Linting and checking validity of types ...
   Collecting page data ...
   Generating static pages (0/7) ...
   Generating static pages (1/7) 
   Generating static pages (3/7) 
   Generating static pages (5/7) 
 ✓ Generating static pages (7/7)
   Finalizing page optimization ...
   Collecting build traces ...

Route (app)                                 Size  First Load JS
┌ ○ /                                    20.9 kB         221 kB
├ ○ /_not-found                            992 B         104 kB
├ ƒ /api/contact                           123 B         103 kB
└ ○ /blog                                3.81 kB         204 kB
+ First Load JS shared by all             103 kB
  ├ chunks/255-87552e6e05b8e3aa.js       46.4 kB
  ├ chunks/4bd1b696-c023c6e3521b1417.js  54.2 kB
  └ other shared chunks (total)          2.03 kB


○  (Static)   prerendered as static content
ƒ  (Dynamic)  server-rendered on demand

